
> fr@0.1.0 build
> next build

node.exe : ΓÜá Warning: Next.js inferred your workspace root, but it may not be correct.
At line:1 char:1
+ & "C:\Program Files\nodejs/node.exe" "C:\Program Files\nodejs/node_mo ...
+ ~~~~~~~~~~~~~~~~~~~~~~~~~~~~~~~~~~~~~~~~~~~~~~~~~~~~~~~~~~~~~~~~~~~~~
    + CategoryInfo          : NotSpecified: (ΓÜá Warning: Ne...not be correct.:String) [], RemoteException
    + FullyQualifiedErrorId : NativeCommandError
 
 We detected multiple lockfiles and selected the directory of C:\Users\zhenk\package-lock.json as the root directory.
 To silence this warning, set `turbopack.root` in your Next.js config, or consider removing one of the lockfiles if 
it's not needed.
   See https://nextjs.org/docs/app/api-reference/config/next-config-js/turbopack#root-directory for more information.
 Detected additional lockfiles: 
   * C:\Users\zhenk\OneDrive\Desktop\wallet\frontend\package-lock.json

Γû▓ Next.js 16.2.3 (Turbopack)
- Environments: .env

  Creating an optimized production build ...
Error: Files imported with `@import "ΓÇª" theme(reference)` must only contain `@theme` blocks.
Use `@reference "ΓÇª";` instead.
    [2m[at C:\Users\zhenk\OneDrive\Desktop\wallet\frontend\node_modules\tailwindcss\dist\lib.js:32:6417][0m
    [2m[at _r (C:\Users\zhenk\OneDrive\Desktop\wallet\frontend\node_modules\tailwindcss\dist\lib.js:3:1733)][0m
    [2m[at I (C:\Users\zhenk\OneDrive\Desktop\wallet\frontend\node_modules\tailwindcss\dist\lib.js:3:1377)][0m
    [2m[at C:\Users\zhenk\OneDrive\Desktop\wallet\frontend\node_modules\tailwindcss\dist\lib.js:32:6346][0m
    [2m[at _r (C:\Users\zhenk\OneDrive\Desktop\wallet\frontend\node_modules\tailwindcss\dist\lib.js:3:1733)][0m
    [2m[at I (C:\Users\zhenk\OneDrive\Desktop\wallet\frontend\node_modules\tailwindcss\dist\lib.js:3:1377)][0m
    [2m[at mn (C:\Users\zhenk\OneDrive\Desktop\wallet\frontend\node_modules\tailwindcss\dist\lib.js:32:2712)][0m
    [2m[at async gn (C:\Users\zhenk\OneDrive\Desktop\wallet\frontend\node_modules\tailwindcss\dist\lib.js:38:631)][0m
    [2m[at async Xr 
(C:\Users\zhenk\OneDrive\Desktop\wallet\frontend\node_modules\@tailwindcss\node\dist\index.js:10:3416)][0m
    [2m[at async N 
(C:\Users\zhenk\OneDrive\Desktop\wallet\frontend\node_modules\@tailwindcss\postcss\dist\index.js:10:3979)][0m

> Build error occurred
Error: Turbopack build failed with 4 errors:
./OneDrive/Desktop/wallet/frontend/components/wallet/CreateAccountForm/CreateAccountForm.module.css
Error evaluating Node.js code
CssSyntaxError: tailwindcss: 
C:\Users\zhenk\OneDrive\Desktop\wallet\frontend\components\wallet\CreateAccountForm\CreateAccountForm.module.css:1:1: 
Files imported with `@import "ΓÇª" theme(reference)` must only contain `@theme` blocks.
Use `@reference "ΓÇª";` instead.
    at Input.error (OneDrive/Desktop/wallet/frontend/node_modules/postcss/lib/input.js:135:16) 
[C:\Users\zhenk\OneDrive\Desktop\wallet\frontend\.next\build\chunks\0y2n_0hnstlh._.js:4652:22]
    at error (OneDrive/Desktop/wallet/frontend/node_modules/postcss/lib/node.js:146:32) 
[C:\Users\zhenk\OneDrive\Desktop\wallet\frontend\.next\build\chunks\0y2n_0hnstlh._.js:928:38]
    [at Object.Once 
(C:\Users\zhenk\OneDrive\Desktop\wallet\frontend\node_modules\@tailwindcss\postcss\dist\index.js:10:6913)]
    at async LazyResult.runAsync (OneDrive/Desktop/wallet/frontend/node_modules/postcss/lib/lazy-result.js:293:11) 
[C:\Users\zhenk\OneDrive\Desktop\wallet\frontend\.next\build\chunks\0y2n_0hnstlh._.js:6215:21]
    at async transform (turbopack:///[turbopack-node]/transforms/postcss.ts:70:34) 
[C:\Users\zhenk\OneDrive\Desktop\wallet\frontend\.next\build\chunks\[root-of-the-server]__0~4qxrw._.js:146:36]
    at async run (turbopack:///[turbopack-node]/child_process/evaluate.ts:89:23) 
[C:\Users\zhenk\OneDrive\Desktop\wallet\frontend\.next\build\chunks\[root-of-the-server]__12sj72g._.js:443:31]

Import traces:
  Client Component Browser:
    ./OneDrive/Desktop/wallet/frontend/components/wallet/CreateAccountForm/CreateAccountForm.module.css [Client 
Component Browser]
    ./OneDrive/Desktop/wallet/frontend/components/wallet/CreateAccountForm/CreateAccountForm.tsx [Client Component 
Browser]
    ./OneDrive/Desktop/wallet/frontend/components/wallet/MiniWalletDashboard/MiniWalletDashboard.tsx [Client Component 
Browser]
    ./OneDrive/Desktop/wallet/frontend/components/wallet/MiniWalletDashboard/MiniWalletDashboard.tsx [Server Component]
    ./OneDrive/Desktop/wallet/frontend/app/page.tsx [Server Component]

  Client Component SSR:
    ./OneDrive/Desktop/wallet/frontend/components/wallet/CreateAccountForm/CreateAccountForm.module.css [Client 
Component SSR]
    ./OneDrive/Desktop/wallet/frontend/components/wallet/CreateAccountForm/CreateAccountForm.tsx [Client Component SSR]
    ./OneDrive/Desktop/wallet/frontend/components/wallet/MiniWalletDashboard/MiniWalletDashboard.tsx [Client Component 
SSR]
    ./OneDrive/Desktop/wallet/frontend/components/wallet/MiniWalletDashboard/MiniWalletDashboard.tsx [Server Component]
    ./OneDrive/Desktop/wallet/frontend/app/page.tsx [Server Component]


./OneDrive/Desktop/wallet/frontend/components/wallet/MiniWalletDashboard/MiniWalletDashboard.module.css
Error evaluating Node.js code
CssSyntaxError: tailwindcss: C:\Users\zhenk\OneDrive\Desktop\wallet\frontend\components\wallet\MiniWalletDashboard\Mini
WalletDashboard.module.css:1:1: Files imported with `@import "ΓÇª" theme(reference)` must only contain `@theme` blocks.
Use `@reference "ΓÇª";` instead.
    at Input.error (OneDrive/Desktop/wallet/frontend/node_modules/postcss/lib/input.js:135:16) 
[C:\Users\zhenk\OneDrive\Desktop\wallet\frontend\.next\build\chunks\0y2n_0hnstlh._.js:4652:22]
    at error (OneDrive/Desktop/wallet/frontend/node_modules/postcss/lib/node.js:146:32) 
[C:\Users\zhenk\OneDrive\Desktop\wallet\frontend\.next\build\chunks\0y2n_0hnstlh._.js:928:38]
    [at Object.Once 
(C:\Users\zhenk\OneDrive\Desktop\wallet\frontend\node_modules\@tailwindcss\postcss\dist\index.js:10:6913)]
    at async LazyResult.runAsync (OneDrive/Desktop/wallet/frontend/node_modules/postcss/lib/lazy-result.js:293:11) 
[C:\Users\zhenk\OneDrive\Desktop\wallet\frontend\.next\build\chunks\0y2n_0hnstlh._.js:6215:21]
    at async transform (turbopack:///[turbopack-node]/transforms/postcss.ts:70:34) 
[C:\Users\zhenk\OneDrive\Desktop\wallet\frontend\.next\build\chunks\[root-of-the-server]__0~4qxrw._.js:146:36]
    at async run (turbopack:///[turbopack-node]/child_process/evaluate.ts:89:23) 
[C:\Users\zhenk\OneDrive\Desktop\wallet\frontend\.next\build\chunks\[root-of-the-server]__12sj72g._.js:443:31]

Import traces:
  Client Component Browser:
    ./OneDrive/Desktop/wallet/frontend/components/wallet/MiniWalletDashboard/MiniWalletDashboard.module.css [Client 
Component Browser]
    ./OneDrive/Desktop/wallet/frontend/components/wallet/MiniWalletDashboard/MiniWalletDashboard.tsx [Client Component 
Browser]
    ./OneDrive/Desktop/wallet/frontend/components/wallet/MiniWalletDashboard/MiniWalletDashboard.tsx [Server Component]
    ./OneDrive/Desktop/wallet/frontend/app/page.tsx [Server Component]

  Client Component SSR:
    ./OneDrive/Desktop/wallet/frontend/components/wallet/MiniWalletDashboard/MiniWalletDashboard.module.css [Client 
Component SSR]
    ./OneDrive/Desktop/wallet/frontend/components/wallet/MiniWalletDashboard/MiniWalletDashboard.tsx [Client Component 
SSR]
    ./OneDrive/Desktop/wallet/frontend/components/wallet/MiniWalletDashboard/MiniWalletDashboard.tsx [Server Component]
    ./OneDrive/Desktop/wallet/frontend/app/page.tsx [Server Component]


./OneDrive/Desktop/wallet/frontend/components/wallet/TransactionList/TransactionList.module.css
Error evaluating Node.js code
CssSyntaxError: tailwindcss: 
C:\Users\zhenk\OneDrive\Desktop\wallet\frontend\components\wallet\TransactionList\TransactionList.module.css:1:1: 
Files imported with `@import "ΓÇª" theme(reference)` must only contain `@theme` blocks.
Use `@reference "ΓÇª";` instead.
    at Input.error (OneDrive/Desktop/wallet/frontend/node_modules/postcss/lib/input.js:135:16) 
[C:\Users\zhenk\OneDrive\Desktop\wallet\frontend\.next\build\chunks\0y2n_0hnstlh._.js:4652:22]
    at error (OneDrive/Desktop/wallet/frontend/node_modules/postcss/lib/node.js:146:32) 
[C:\Users\zhenk\OneDrive\Desktop\wallet\frontend\.next\build\chunks\0y2n_0hnstlh._.js:928:38]
    [at Object.Once 
(C:\Users\zhenk\OneDrive\Desktop\wallet\frontend\node_modules\@tailwindcss\postcss\dist\index.js:10:6913)]
    at async LazyResult.runAsync (OneDrive/Desktop/wallet/frontend/node_modules/postcss/lib/lazy-result.js:293:11) 
[C:\Users\zhenk\OneDrive\Desktop\wallet\frontend\.next\build\chunks\0y2n_0hnstlh._.js:6215:21]
    at async transform (turbopack:///[turbopack-node]/transforms/postcss.ts:70:34) 
[C:\Users\zhenk\OneDrive\Desktop\wallet\frontend\.next\build\chunks\[root-of-the-server]__0~4qxrw._.js:146:36]
    at async run (turbopack:///[turbopack-node]/child_process/evaluate.ts:89:23) 
[C:\Users\zhenk\OneDrive\Desktop\wallet\frontend\.next\build\chunks\[root-of-the-server]__12sj72g._.js:443:31]

Import traces:
  Client Component Browser:
    ./OneDrive/Desktop/wallet/frontend/components/wallet/TransactionList/TransactionList.module.css [Client Component 
Browser]
    ./OneDrive/Desktop/wallet/frontend/components/wallet/TransactionList/TransactionList.tsx [Client Component Browser]
    ./OneDrive/Desktop/wallet/frontend/components/wallet/MiniWalletDashboard/MiniWalletDashboard.tsx [Client Component 
Browser]
    ./OneDrive/Desktop/wallet/frontend/components/wallet/MiniWalletDashboard/MiniWalletDashboard.tsx [Server Component]
    ./OneDrive/Desktop/wallet/frontend/app/page.tsx [Server Component]

  Client Component SSR:
    ./OneDrive/Desktop/wallet/frontend/components/wallet/TransactionList/TransactionList.module.css [Client Component 
SSR]
    ./OneDrive/Desktop/wallet/frontend/components/wallet/TransactionList/TransactionList.tsx [Client Component SSR]
    ./OneDrive/Desktop/wallet/frontend/components/wallet/MiniWalletDashboard/MiniWalletDashboard.tsx [Client Component 
SSR]
    ./OneDrive/Desktop/wallet/frontend/components/wallet/MiniWalletDashboard/MiniWalletDashboard.tsx [Server Component]
    ./OneDrive/Desktop/wallet/frontend/app/page.tsx [Server Component]


./OneDrive/Desktop/wallet/frontend/components/wallet/TransferForm/TransferForm.module.css
Error evaluating Node.js code
CssSyntaxError: tailwindcss: 
C:\Users\zhenk\OneDrive\Desktop\wallet\frontend\components\wallet\TransferForm\TransferForm.module.css:1:1: Files 
imported with `@import "ΓÇª" theme(reference)` must only contain `@theme` blocks.
Use `@reference "ΓÇª";` instead.
    at Input.error (OneDrive/Desktop/wallet/frontend/node_modules/postcss/lib/input.js:135:16) 
[C:\Users\zhenk\OneDrive\Desktop\wallet\frontend\.next\build\chunks\0y2n_0hnstlh._.js:4652:22]
    at error (OneDrive/Desktop/wallet/frontend/node_modules/postcss/lib/node.js:146:32) 
[C:\Users\zhenk\OneDrive\Desktop\wallet\frontend\.next\build\chunks\0y2n_0hnstlh._.js:928:38]
    [at Object.Once 
(C:\Users\zhenk\OneDrive\Desktop\wallet\frontend\node_modules\@tailwindcss\postcss\dist\index.js:10:6913)]
    at async LazyResult.runAsync (OneDrive/Desktop/wallet/frontend/node_modules/postcss/lib/lazy-result.js:293:11) 
[C:\Users\zhenk\OneDrive\Desktop\wallet\frontend\.next\build\chunks\0y2n_0hnstlh._.js:6215:21]
    at async transform (turbopack:///[turbopack-node]/transforms/postcss.ts:70:34) 
[C:\Users\zhenk\OneDrive\Desktop\wallet\frontend\.next\build\chunks\[root-of-the-server]__0~4qxrw._.js:146:36]
    at async run (turbopack:///[turbopack-node]/child_process/evaluate.ts:89:23) 
[C:\Users\zhenk\OneDrive\Desktop\wallet\frontend\.next\build\chunks\[root-of-the-server]__12sj72g._.js:443:31]

Import traces:
  Client Component Browser:
    ./OneDrive/Desktop/wallet/frontend/components/wallet/TransferForm/TransferForm.module.css [Client Component 
Browser]
    ./OneDrive/Desktop/wallet/frontend/components/wallet/TransferForm/TransferForm.tsx [Client Component Browser]
    ./OneDrive/Desktop/wallet/frontend/components/wallet/MiniWalletDashboard/MiniWalletDashboard.tsx [Client Component 
Browser]
    ./OneDrive/Desktop/wallet/frontend/components/wallet/MiniWalletDashboard/MiniWalletDashboard.tsx [Server Component]
    ./OneDrive/Desktop/wallet/frontend/app/page.tsx [Server Component]

  Client Component SSR:
    ./OneDrive/Desktop/wallet/frontend/components/wallet/TransferForm/TransferForm.module.css [Client Component SSR]
    ./OneDrive/Desktop/wallet/frontend/components/wallet/TransferForm/TransferForm.tsx [Client Component SSR]
    ./OneDrive/Desktop/wallet/frontend/components/wallet/MiniWalletDashboard/MiniWalletDashboard.tsx [Client Component 
SSR]
    ./OneDrive/Desktop/wallet/frontend/components/wallet/MiniWalletDashboard/MiniWalletDashboard.tsx [Server Component]
    ./OneDrive/Desktop/wallet/frontend/app/page.tsx [Server Component]


    at async transform (turbopack:///[turbopack-node]/transforms/postcss.ts:70:34) 
[C:\Users\zhenk\OneDrive\Desktop\wallet\frontend\.next\build\chunks\[root-of-the-server]__0~4qxrw._.js:146:36])
    at async run (turbopack:///[turbopack-node]/child_process/evaluate.ts:89:23) 
[C:\Users\zhenk\OneDrive\Desktop\wallet\frontend\.next\build\chunks\[root-of-the-server]__12sj72g._.js:443:31])
    at async transform (turbopack:///[turbopack-node]/transforms/postcss.ts:70:34) 
[C:\Users\zhenk\OneDrive\Desktop\wallet\frontend\.next\build\chunks\[root-of-the-server]__0~4qxrw._.js:146:36])
    at async run (turbopack:///[turbopack-node]/child_process/evaluate.ts:89:23) 
[C:\Users\zhenk\OneDrive\Desktop\wallet\frontend\.next\build\chunks\[root-of-the-server]__12sj72g._.js:443:31])
    at async transform (turbopack:///[turbopack-node]/transforms/postcss.ts:70:34) 
[C:\Users\zhenk\OneDrive\Desktop\wallet\frontend\.next\build\chunks\[root-of-the-server]__0~4qxrw._.js:146:36])
    at async run (turbopack:///[turbopack-node]/child_process/evaluate.ts:89:23) 
[C:\Users\zhenk\OneDrive\Desktop\wallet\frontend\.next\build\chunks\[root-of-the-server]__12sj72g._.js:443:31])
    at async transform (turbopack:///[turbopack-node]/transforms/postcss.ts:70:34) 
[C:\Users\zhenk\OneDrive\Desktop\wallet\frontend\.next\build\chunks\[root-of-the-server]__0~4qxrw._.js:146:36])
    at async run (turbopack:///[turbopack-node]/child_process/evaluate.ts:89:23) 
[C:\Users\zhenk\OneDrive\Desktop\wallet\frontend\.next\build\chunks\[root-of-the-server]__12sj72g._.js:443:31])
